// Jest Snapshot v1, https://goo.gl/fbAQLP

exports[`<RecipeListItem/> Should correctly render recipe 1`] = `
<ul
  className="list-reset"
/>
`;

exports[`<RecipeListItem/> Should not break if no recipe passed 1`] = `
<ul
  className="list-reset"
/>
`;

exports[`<RecipeListItem/> Should render favorited state 1`] = `
<ul
  className="list-reset"
/>
`;
